// Jest Snapshot v1, https://goo.gl/fbAQLP

exports[`NewOpportunity renders correctly 1`] = `
<div
  className="wrap"
>
  <h2
    className="sc-htpNat bpICJA"
    size="LARGE"
  >
    New opportunity
  </h2>
  <h4
    className="sc-htpNat ipcdBj"
    size="SMALL"
  >
    Opportunity name
  </h4>
  <span
    className="sc-bxivhb eBoyen"
  >
    This name will be used to identify the opportunity internally and publicly.
  </span>
  <details
    className="sc-ifAKCX cyIqaI"
    open={false}
  >
    <summary
      className="sc-EHOje fxpUSX"
    >
      <span
        className="sc-bZQynM HMsRn"
      >
        How should I name my opportunity?
      </span>
    </summary>
    <div
      className="sc-gzVnrw kSeSEc"
    >
      Give your opportunity a name that will help potential applicants understand what the opportunity is about. You don't need to add tags (such as the year) into opportunity names. Opportunities will be tagged automatically based on other information you input.
    </div>
  </details>
  <input
    className="sc-htoDjs kRSYaw"
    onChange={[Function]}
    type="text"
    value=""
  />
  <button
    className="sc-bdVaJa bBDdCP"
    disabled={false}
    onClick={[Function]}
  >
    Create opportunity
  </button>
</div>
`;
